<?xml version="1.0" encoding="utf-8"?><testsuites name="pytest tests"><testsuite name="pytest" errors="0" failures="0" skipped="0" tests="4" time="7.087" timestamp="2025-09-26T23:32:26.746188+03:00" hostname="Tics-MacBook-Pro.local"><testcase classname="tests.integration.test_health_edge_cases.TestHealthEdgeCases" name="test_concurrent_health_checks" time="0.163" /><testcase classname="tests.integration.test_health_edge_cases.TestHealthEdgeCases" name="test_live_endpoint" time="0.091" /><testcase classname="tests.integration.test_health_edge_cases.TestHealthEdgeCases" name="test_invalid_health_endpoint" time="0.090" /><testcase classname="tests.integration.test_health_edge_cases.TestHealthEdgeCases" name="test_ready_endpoint" time="0.092" /></testsuite></testsuites>